============================= test session starts =============================
platform win32 -- Python 3.13.3, pytest-9.0.2, pluggy-1.6.0 -- C:\Users\henry\AppData\Local\Programs\Python\Python313\python.exe
cachedir: .pytest_cache
rootdir: C:\Users\henry\OneDrive\Desktop\PYTHON projects\0dte
plugins: anyio-4.9.0
collecting ... collected 56 items

tests/test_paper_trading.py::TestFillModel::test_fill_mid PASSED         [  1%]
tests/test_paper_trading.py::TestFillModel::test_fill_touch_buy PASSED   [  3%]
tests/test_paper_trading.py::TestFillModel::test_fill_touch_sell PASSED  [  5%]
tests/test_paper_trading.py::TestFillModel::test_fill_slippage_buy PASSED [  7%]
tests/test_paper_trading.py::TestFillModel::test_fill_slippage_sell PASSED [  8%]
tests/test_paper_trading.py::TestFillModel::test_commission_calc PASSED  [ 10%]
tests/test_paper_trading.py::TestPnLCalculation::test_pnl_buy_win PASSED [ 12%]
tests/test_paper_trading.py::TestPnLCalculation::test_pnl_buy_loss PASSED [ 14%]
tests/test_paper_trading.py::TestPnLCalculation::test_pnl_sell_win PASSED [ 16%]
tests/test_paper_trading.py::TestPnLCalculation::test_pnl_sell_loss PASSED [ 17%]
tests/test_paper_trading.py::TestExitLogic::test_tp_exit_on_option_quote PASSED [ 19%]
tests/test_paper_trading.py::TestExitLogic::test_sl_exit_on_option_quote PASSED [ 21%]
tests/test_paper_trading.py::TestExitLogic::test_eod_exit PASSED         [ 23%]
tests/test_paper_trading.py::TestExitLogic::test_time_exit PASSED        [ 25%]
tests/test_paper_trading.py::TestEligibility::test_eligibility_filters PASSED [ 26%]
tests/test_paper_trading.py::TestEligibility::test_selection_risk_adjusted PASSED [ 28%]
tests/test_paper_trading.py::TestDecisionLogic::test_decision_fires_once PASSED [ 30%]
tests/test_paper_trading.py::TestDecisionLogic::test_cooldown_same_direction PASSED [ 32%]
tests/test_paper_trading.py::TestDecisionLogic::test_cooldown_allows_flip PASSED [ 33%]
tests/test_paper_trading.py::TestDecisionLogic::test_max_positions PASSED [ 35%]
tests/test_paper_trading.py::TestDecisionLogic::test_min_strike_spacing PASSED [ 37%]
tests/test_paper_trading.py::TestQuoteTapeAndStats::test_quote_tape_forward_returns PASSED [ 39%]
tests/test_paper_trading.py::TestQuoteTapeAndStats::test_eod_summary_stats PASSED [ 41%]
tests/test_paper_trading.py::TestTrackB::test_track_b_ignores_thresholds PASSED [ 42%]
tests/test_paper_trading.py::TestTrackB::test_track_b_dedup PASSED       [ 44%]
tests/test_paper_trading.py::TestTrackB::test_track_b_fixed_horizon_exit PASSED [ 46%]
tests/test_paper_trading.py::TestTrackB::test_eod_report_per_track PASSED [ 48%]
tests/test_paper_trading.py::TestTrackB::test_forward_eval_per_track PASSED [ 50%]
tests/test_paper_trading.py::TestSchema::test_journal_schema PASSED      [ 51%]
tests/test_paper_trading.py::TestTrackCDecisionGate::test_track_c_fires_at_same_decision_time_as_a PASSED [ 53%]
tests/test_paper_trading.py::TestTrackBAbsoluteStop::test_absolute_stop_triggers PASSED [ 55%]
tests/test_paper_trading.py::TestTrackBAbsoluteStop::test_absolute_stop_does_not_fire_below_threshold PASSED [ 57%]
tests/test_paper_trading.py::TestDecisionTimeDisplay::test_decision_time_shows_et_not_utc PASSED [ 58%]
tests/test_paper_trading.py::TestAllowedActions::test_sell_rejected_by_allowed_actions PASSED [ 60%]
tests/test_paper_trading.py::TestAllowedActions::test_buy_allowed_by_allowed_actions PASSED [ 62%]
tests/test_paper_trading.py::TestAllowedActions::test_no_allowed_actions_allows_all PASSED [ 64%]
tests/test_paper_trading.py::TestStrikeConcentration::test_max_entries_per_strike PASSED [ 66%]
tests/test_paper_trading.py::TestCloseEODTrackC::test_close_eod_includes_track_c PASSED [ 67%]
tests/test_paper_trading.py::TestWilsonCI::test_wilson_ci_basic PASSED   [ 69%]
tests/test_paper_trading.py::TestWilsonCI::test_wilson_ci_zero_total PASSED [ 71%]
tests/test_paper_trading.py::TestWilsonCI::test_wilson_ci_all_wins PASSED [ 73%]
tests/test_paper_trading.py::TestOptionTypeDisplay::test_put_shows_p_not_c PASSED [ 75%]
tests/test_trader_c.py::TestTrackCBuyOnly::test_sell_rejected PASSED     [ 76%]
tests/test_trader_c.py::TestTrackCBuyOnly::test_buy_call_accepted PASSED [ 78%]
tests/test_trader_c.py::TestTrackCBuyOnly::test_buy_put_accepted PASSED  [ 80%]
tests/test_trader_c.py::TestTrackCBuyOnly::test_hold_rejected PASSED     [ 82%]
tests/test_trader_c.py::TestTrackCBuyOnly::test_position_limit PASSED    [ 83%]
tests/test_trader_c.py::TestTrackCBuyOnly::test_option_type_filter PASSED [ 85%]
tests/test_trader_c.py::TestQuoteMapTupleKeys::test_get_quote_tuple_key PASSED [ 87%]
tests/test_trader_c.py::TestQuoteMapTupleKeys::test_get_quote_fallback_to_strike_only PASSED [ 89%]
tests/test_trader_c.py::TestQuoteMapTupleKeys::test_get_quote_returns_none PASSED [ 91%]
tests/test_trader_c.py::TestQuoteMapTupleKeys::test_record_quotes_tuple_keys PASSED [ 92%]
tests/test_trader_c.py::TestPutEUDirection::test_buy_put_eu_computes PASSED [ 94%]
tests/test_trader_c.py::TestPutEUDirection::test_put_eu_vs_call_eu_different PASSED [ 96%]
tests/test_trader_c.py::TestTrackCIndependence::test_track_c_independent_from_track_a PASSED [ 98%]
tests/test_trader_c.py::TestTrackCIndependence::test_track_c_close_removes_from_c PASSED [100%]

============================= 56 passed in 1.87s ==============================
