============================= test session starts =============================
platform win32 -- Python 3.13.3, pytest-9.0.2, pluggy-1.6.0 -- C:\Users\henry\AppData\Local\Programs\Python\Python313\python.exe
cachedir: .pytest_cache
rootdir: C:\Users\henry\OneDrive\Desktop\PYTHON projects\0dte
plugins: anyio-4.9.0
collecting ... collected 17 items

tests/test_signal_quality.py::TestConfidenceNotSaturated::test_moderate_edge_wide_spread PASSED [  5%]
tests/test_signal_quality.py::TestConfidenceNotSaturated::test_otm_strike_penalizes_confidence PASSED [ 11%]
tests/test_signal_quality.py::TestConfidenceNotSaturated::test_spread_penalty_reduces_confidence PASSED [ 17%]
tests/test_signal_quality.py::TestJumpIntensityCap::test_cap_enforced PASSED [ 23%]
tests/test_signal_quality.py::TestJumpIntensityCap::test_shrinkage_applied PASSED [ 29%]
tests/test_signal_quality.py::TestOTMEdgeScaling::test_otm_requires_higher_edge PASSED [ 35%]
tests/test_signal_quality.py::TestOTMEdgeScaling::test_otm_conf_decay_is_exponential PASSED [ 41%]
tests/test_signal_quality.py::TestBernoulliGuard::test_high_lambda_large_dt_triggers_guard PASSED [ 47%]
tests/test_signal_quality.py::TestBernoulliGuard::test_moderate_lambda_passes PASSED [ 52%]
tests/test_signal_quality.py::TestBernoulliGuard::test_0dte_with_capped_lambda_passes PASSED [ 58%]
tests/test_signal_quality.py::TestBernoulliGuard::test_bernoulli_violated_flag_set_correctly PASSED [ 64%]
tests/test_signal_quality.py::TestSellSignalPossible::test_sell_when_model_below_bid PASSED [ 70%]
tests/test_signal_quality.py::TestConfigSanity::test_lambda_cap_is_reasonable PASSED [ 76%]
tests/test_signal_quality.py::TestConfigSanity::test_lambda_prior_is_conservative PASSED [ 82%]
tests/test_signal_quality.py::TestConfigSanity::test_shrinkage_alpha_is_small PASSED [ 88%]
tests/test_signal_quality.py::TestConfigSanity::test_otm_edge_scale_positive PASSED [ 94%]
tests/test_signal_quality.py::TestConfigSanity::test_otm_conf_decay_positive PASSED [100%]

============================== warnings summary ===============================
tests/test_signal_quality.py::TestConfidenceNotSaturated::test_otm_strike_penalizes_confidence
tests/test_signal_quality.py::TestConfidenceNotSaturated::test_spread_penalty_reduces_confidence
tests/test_signal_quality.py::TestSellSignalPossible::test_sell_when_model_below_bid
  C:\Users\henry\OneDrive\Desktop\PYTHON projects\0dte\core\random_numbers.py:18: UserWarning: The balance properties of Sobol' points require n to be a power of 2.
    uniform_samples = sampler.random(n=n_paths)

-- Docs: https://docs.pytest.org/en/stable/how-to/capture-warnings.html
======================= 17 passed, 3 warnings in 10.90s =======================
